add: ./dir 1
add: ./dir 2
add: ./dir 3
add: ./dir 4
